// Jest Snapshot v1, https://goo.gl/fbAQLP

exports[`Button component snapshot testing 1`] = `
<button
  className="App-button"
  onClick={[Function]}
>
  Insure Me
</button>
`;
